Detected languages: typescript, rust, python
Project fingerprint used full scan: change-journal-unavailable
Reusing cached rust SCIP shard (language inputs unchanged).
Incremental TypeScript index unavailable: TypeScript incremental index service unavailable; refusing to load the whole compiler graph inside the reindex process.
Indexing TypeScript workspace as 6 project shard(s).
Indexing typescript (.) with /opt/homebrew/bin/scip-typescript...
Indexing typescript (benchmarks/change/fixture) with /opt/homebrew/bin/scip-typescript...
Indexing typescript (tests/fixtures/exploration-benchmark/identity-collision) with /opt/homebrew/bin/scip-typescript...
Indexing typescript (tests/fixtures/invocation-coverage-contract) with /opt/homebrew/bin/scip-typescript...
Indexing typescript (tests/fixtures/protocol-state-contract) with /opt/homebrew/bin/scip-typescript...
Indexing typescript (tests/fixtures/public-api-consumer) with /opt/homebrew/bin/scip-typescript...
Indexing python with /opt/homebrew/bin/scip-python-plus...
Reused 1 cached language shard(s): rust
Merging 3 language indexes...
Sanitized 27 invalid definition occurrences across 10 documents before SQLite conversion.
Merged and sanitized SCIP indexes in 741ms.
Converting to SQLite...
Augmented SQLite documents with 0 auxiliary source files (0 already present).
Extracted 652 runtime-boundary observation(s), 1 link(s), and 246 unresolved frontier(s).
Runtime-boundary phases: direct-extraction 4415ms, http-summary 86ms, http-mount 80ms, carrier 0ms, relations 4ms, links 0ms, frontiers 1ms.
Added SQLite query indexes: idx_mentions_definitions
Removed redundant SQLite indexes: idx_global_symbols_symbol, idx_chunks_doc_id
Affected-set shadow: 100.0% recall; 559 predicted, 106 changed.
Done in 15.6s
Indexed rust, typescript, python in 15.6s
